/Users/Tony/my_programs/py_workspace/rml_metadata/contactdb.py
/Users/Tony/my_programs/py_workspace/scrape.py
/Users/Tony/my_programs/py_workspace/oldPythonScripts/magic8Ball2.py
/Users/Tony/my_programs/py_workspace/automate_online-materials/exitExample.py
/Users/Tony/my_programs/py_workspace/automate_online-materials/birthdays.py
/Users/Tony/my_programs/py_workspace/oldPythonScripts/buggyAddingProgram.py
/Users/Tony/my_programs/py_workspace/carObj.py
/Users/Tony/Documents/university/wisconsin/lis_768_digital_humanities_analytics/readPDF.py
/Users/Tony/my_programs/py_workspace/prog.py
/Users/Tony/my_programs/py_workspace/almaScripts/newParseAlma.py
/Users/Tony/my_programs/py_workspace/dowloadXkcd.py
/usr/local/lib/python3.6/site-packages/bs4/__init__.py
/Users/Tony/my_programs/py_workspace/oldPythonScripts/randomQuizGenerator.py
/Users/Tony/my_programs/py_workspace/oldPythonScripts/withIOTest.py
/Users/Tony/my_programs/py_workspace/oldPythonScripts/csvWriter.py
/Users/Tony/my_programs/py_workspace/bibtext/zoteroBibParser.py
/Users/Tony/my_programs/py_workspace/bibtext/sam_tex.zip
/Users/Tony/my_programs/py_workspace/linked_list.py
/Users/Tony/my_programs/py_workspace/configFuction.py
/Users/Tony/my_programs/py_workspace/pyqt/qt_window.py
/Users/Tony/my_programs/py_workspace/almaScripts/pp_greens.py
